// Jest Snapshot v1, https://goo.gl/fbAQLP

exports[`details should render details 1`] = `
<View
  style={
    Array [
      Object {
        "marginTop": 16,
      },
    ]
  }
>
  <View
    style={
      Array [
        Object {
          "flexDirection": "row",
          "justifyContent": "space-between",
        },
      ]
    }
  >
    <Text
      style={
        Array [
          Object {
            "color": "white",
            "fontSize": 12,
            "fontWeight": "700",
            "textTransform": "uppercase",
          },
        ]
      }
    >
      test
    </Text>
    <Text
      style={
        Array [
          Object {
            "color": "#fafafa",
            "fontSize": 12,
            "marginLeft": 32,
          },
        ]
      }
    >
      123
    </Text>
  </View>
  <View
    style={
      Array [
        Object {
          "flexDirection": "row",
          "justifyContent": "space-between",
        },
      ]
    }
  >
    <Text
      style={
        Array [
          Object {
            "color": "white",
            "fontSize": 12,
            "fontWeight": "700",
            "textTransform": "uppercase",
          },
        ]
      }
    >
      hello
    </Text>
    <Text
      style={
        Array [
          Object {
            "color": "#fafafa",
            "fontSize": 12,
            "marginLeft": 32,
          },
        ]
      }
    >
      hi
    </Text>
  </View>
</View>
`;
